// Jest Snapshot v1, https://goo.gl/fbAQLP

exports[`should render ExpenseListItem with expenses 1`] = `
<div>
  <Link
    to="/edit/1"
  >
    <h2>
      book
    </h2>
  </Link>
  <p>
    $199.95
    -
    January 1st, 1970
  </p>
</div>
`;
