// Jest Snapshot v1, https://goo.gl/fbAQLP

exports[`should render Header correctly 1`] = `
<div>
  <header>
    <h1>
      Expensify
    </h1>
    <NavLink
      activeClassName="is-active"
      to="/dashboard"
    >
      Dashboard
    </NavLink>
    <NavLink
      activeClassName="is-active"
      to="/create"
    >
      Create
    </NavLink>
    <button
      onClick={[Function]}
    >
      Logout
    </button>
  </header>
</div>
`;
